// Jest Snapshot v1, https://goo.gl/fbAQLP

exports[`Face renders correctly 1`] = `
<section
  className="Face"
>
  <img
    alt="Author's face"
    src="Face.jpg"
  />
</section>
`;
